Info: Starting: Create simulation model
Info: qsys-generate /nfs/ug/homes-4/k/khanah35/Documents/conv_strategies/specific_coeff/altshift.qsys --simulation=VERILOG --allow-mixed-language-simulation --output-directory=/nfs/ug/homes-4/k/khanah35/Documents/conv_strategies/specific_coeff/altshift --family="Arria 10" --part=10AX115N2F45I1SG
Progress: Loading specific_coeff/altshift.qsys
Progress: Reading input file
Progress: Adding altshift_taps_0 [altshift_taps 20.1]
Progress: Parameterizing module altshift_taps_0
Progress: Building connections
Progress: Parameterizing connections
Progress: Validating
Progress: Done reading input file
: altshift.altshift_taps_0: Targeting device family: Arria 10.
Info: altshift: "Transforming system: altshift"
Info: altshift: Running transform generation_view_transform
Info: altshift: Running transform generation_view_transform took 0.000s
Info: altshift_taps_0: Running transform generation_view_transform
Info: altshift_taps_0: Running transform generation_view_transform took 0.000s
Info: altshift: Running transform merlin_avalon_transform
Info: altshift: Running transform merlin_avalon_transform took 0.025s
Info: altshift: "Naming system components in system: altshift"
Info: altshift: "Processing generation queue"
Info: altshift: "Generating: altshift"
Info: altshift: "Generating: altshift_altshift_taps_201_as43lbi"
Info: altshift_taps_0: Generating top-level entity altshift_altshift_taps_201_as43lbi.
Info: altshift: Done "altshift" with 2 modules, 2 files
Info: qsys-generate succeeded.
Info: Finished: Create simulation model
Info: Starting: Create Modelsim Project.
Info: sim-script-gen --spd=/nfs/ug/homes-4/k/khanah35/Documents/conv_strategies/specific_coeff/altshift/altshift.spd --output-directory=/nfs/ug/homes-4/k/khanah35/Documents/conv_strategies/specific_coeff/altshift/sim/ --use-relative-paths=true
Info: Doing: ip-make-simscript --spd=/nfs/ug/homes-4/k/khanah35/Documents/conv_strategies/specific_coeff/altshift/altshift.spd --output-directory=/nfs/ug/homes-4/k/khanah35/Documents/conv_strategies/specific_coeff/altshift/sim/ --use-relative-paths=true
Info: Generating the following file(s) for MODELSIM simulator in /nfs/ug/homes-4/k/khanah35/Documents/conv_strategies/specific_coeff/altshift/sim/ directory:
Info: 	mentor/msim_setup.tcl
Info: Generating the following file(s) for VCS simulator in /nfs/ug/homes-4/k/khanah35/Documents/conv_strategies/specific_coeff/altshift/sim/ directory:
Info: 	synopsys/vcs/vcs_setup.sh
Info: Generating the following file(s) for VCSMX simulator in /nfs/ug/homes-4/k/khanah35/Documents/conv_strategies/specific_coeff/altshift/sim/ directory:
Info: 	synopsys/vcsmx/synopsys_sim.setup
Info: 	synopsys/vcsmx/vcsmx_setup.sh
Info: Generating the following file(s) for NCSIM simulator in /nfs/ug/homes-4/k/khanah35/Documents/conv_strategies/specific_coeff/altshift/sim/ directory:
Info: 	cadence/cds.lib
Info: 	cadence/hdl.var
Info: 	cadence/ncsim_setup.sh
Info: 	1 .cds.lib files in cadence/cds_libs/ directory
Info: Generating the following file(s) for RIVIERA simulator in /nfs/ug/homes-4/k/khanah35/Documents/conv_strategies/specific_coeff/altshift/sim/ directory:
Info: 	aldec/rivierapro_setup.tcl
Info: For information on how to simulate your IP, see the explanatory comments in the simulator-specific subdirectories under /nfs/ug/homes-4/k/khanah35/Documents/conv_strategies/specific_coeff/altshift/sim/.
Info: Regenerate these scripts whenever you make any change to any Quartus-generated IP in your project.
Info: Finished: Create Modelsim Project.
Info: 
Info: Starting: Create HDL design files for synthesis
Info: qsys-generate /nfs/ug/homes-4/k/khanah35/Documents/conv_strategies/specific_coeff/altshift.qsys --synthesis=VERILOG --output-directory=/nfs/ug/homes-4/k/khanah35/Documents/conv_strategies/specific_coeff/altshift --family="Arria 10" --part=10AX115N2F45I1SG
Progress: Loading specific_coeff/altshift.qsys
Progress: Reading input file
Progress: Adding altshift_taps_0 [altshift_taps 20.1]
Progress: Parameterizing module altshift_taps_0
Progress: Building connections
Progress: Parameterizing connections
Progress: Validating
Progress: Done reading input file
: altshift.altshift_taps_0: Targeting device family: Arria 10.
Info: altshift: "Transforming system: altshift"
Info: altshift: Running transform generation_view_transform
Info: altshift: Running transform generation_view_transform took 0.000s
Info: altshift_taps_0: Running transform generation_view_transform
Info: altshift_taps_0: Running transform generation_view_transform took 0.000s
Info: altshift: Running transform merlin_avalon_transform
Info: altshift: Running transform merlin_avalon_transform took 0.008s
Info: altshift: "Naming system components in system: altshift"
Info: altshift: "Processing generation queue"
Info: altshift: "Generating: altshift"
Info: altshift: "Generating: altshift_altshift_taps_201_as43lbi"
Info: altshift_taps_0: Generating top-level entity altshift_altshift_taps_201_as43lbi.
Info: altshift: Done "altshift" with 2 modules, 3 files
Info: qsys-generate succeeded.
Info: Finished: Create HDL design files for synthesis
